---
source: crates/rspack_error/tests/fixtures.rs
expression: recoverable_syntax_error
---
ModuleParseError

  × Module parse failed:
  ╰─▶   × JavaScript parsing error
         ╭────
       1 │ let c = <test>() => {}</test>;
         ·               ─┬
         ·                ╰── An arrow function is not allowed here
         ╰────
      
  help: 
        You may need an appropriate loader to handle this file type.
ModuleParseError

  × Module parse failed:
  ╰─▶   × JavaScript parsing error
         ╭────
       1 │ let c = <test>() => {}</test>;
         ·         ┬
         ·         ╰── Expression expected
         ╰────
      
  help: 
        You may need an appropriate loader to handle this file type.

